[www.nathkrupaindustries.com/index.html]
[backblue.gif]
[fade.gif]
[index.html]
[cdn.jsdelivr.net/npm/bootstrap-icons@1.8.0/font/bootstrap-icons.css]
[www.nathkrupaindustries.com/images/favicon.png]
[www.nathkrupaindustries.com/plugins/bootstrap/bootstrap.min.css]
[www.nathkrupaindustries.com/plugins/Ionicons/css/ionicons.min.css]
[www.nathkrupaindustries.com/plugins/animate-css/animate.css]
[www.nathkrupaindustries.com/plugins/magnific-popup/magnific-popup.css]
[www.nathkrupaindustries.com/plugins/slick/slick.css]
[www.nathkrupaindustries.com/css/style.css]
[www.nathkrupaindustries.com/index-2.html]
[www.nathkrupaindustries.com/images/logo.png]
[www.nathkrupaindustries.com/portfolio.html]
[www.nathkrupaindustries.com/portfolio-single.html]
[www.nathkrupaindustries.com/portfolio-single1.html]
[www.nathkrupaindustries.com/portfolio-single2.html]
[www.nathkrupaindustries.com/portfolio-single3.html]
[www.nathkrupaindustries.com/portfolio-single4.html]
[www.nathkrupaindustries.com/portfolio-single5.html]
[www.nathkrupaindustries.com/service.html]
[www.nathkrupaindustries.com/gallery.html]
[www.nathkrupaindustries.com/about.html]
[www.nathkrupaindustries.com/faq.html]
[www.nathkrupaindustries.com/contact.html]
[www.nathkrupaindustries.com/images/wrapper-img.png]
[www.nathkrupaindustries.com/images/sucess/test 1.jpg]
[www.nathkrupaindustries.com/images/sucess/test 2.jpg]
[www.nathkrupaindustries.com/images/sucess/test 3.png]
[www.nathkrupaindustries.com/images/sucess/test 4.jpg]
[www.nathkrupaindustries.com/plugins/jquery/jquery.min.js]
[www.nathkrupaindustries.com/plugins/bootstrap/bootstrap.min.js]
[www.nathkrupaindustries.com/plugins/slick/slick.min.js]
[www.nathkrupaindustries.com/plugins/magnific-popup/jquery.magnific-popup.min.js]
[www.nathkrupaindustries.com/plugins/shuffle/shuffle.min.js]
[www.nathkrupaindustries.com/plugins/SyoTimer/jquery.syotimer.min.js]
[www.nathkrupaindustries.com/plugins/google-map/map.js]
[www.nathkrupaindustries.com/index.html]
[www.nathkrupaindustries.com/js/script.js]
[cdn.jsdelivr.net/npm/bootstrap-icons@1.8.0/font/fonts/bootstrap-iconsbe27.woff2]
[cdn.jsdelivr.net/npm/bootstrap-icons@1.8.0/font/fonts/bootstrap-iconsbe27.woff]
[cdn.jsdelivr.net/npm/bootstrap-icons@1.8.0/font/bootstrap-icons.css]
[www.nathkrupaindustries.com/plugins/bootstrap/bootstrap.min.css]
[www.nathkrupaindustries.com/plugins/Ionicons/fonts/ionicons28b5.eot]
[www.nathkrupaindustries.com/plugins/Ionicons/fonts/ionicons28b5.ttf]
[www.nathkrupaindustries.com/plugins/Ionicons/fonts/ionicons28b5.woff]
[www.nathkrupaindustries.com/plugins/Ionicons/css/ionicons.min.css]
[www.nathkrupaindustries.com/plugins/animate-css/animate.css]
[www.nathkrupaindustries.com/plugins/magnific-popup/magnific-popup.css]
[www.nathkrupaindustries.com/plugins/slick/slick.css]
[www.nathkrupaindustries.com/plugins/Ionicons/fonts/ionicons28b5.svg]
[www.nathkrupaindustries.com/images/slider-bg.jpg]
[www.nathkrupaindustries.com/img/featue-bg.jpg]
[www.nathkrupaindustries.com/images/call-to-action-bg.jpg]
[www.nathkrupaindustries.com/images/featue-bg.jpg]
[www.nathkrupaindustries.com/images/backgrounds/coming-soon.2d.delayed]
[www.nathkrupaindustries.com/css/style.css]
[www.nathkrupaindustries.com/index-2.html]
[www.nathkrupaindustries.com/images/portfolio/work1.jpg]
[www.nathkrupaindustries.com/images/portfolio/work2.jpg]
[www.nathkrupaindustries.com/images/portfolio/work3.jpg]
[www.nathkrupaindustries.com/images/portfolio/work4.jpg]
[www.nathkrupaindustries.com/portfolio.html]
[www.nathkrupaindustries.com/images/portfolio/work5.jpg]
[www.nathkrupaindustries.com/images/portfolio/portfolio-big-1.jpg]
[www.nathkrupaindustries.com/images/portfolio/portfolio-big-2.jpg]
[www.nathkrupaindustries.com/portfolio-single.html]
[www.nathkrupaindustries.com/images/portfolio/portfolio-big-3.jpg]
[www.nathkrupaindustries.com/portfolio-single1.html]
[www.nathkrupaindustries.com/images/portfolio/portfolio-big-4.jpg]
[www.nathkrupaindustries.com/images/portfolio/portfolio-big-5.jpg]
[www.nathkrupaindustries.com/portfolio-single2.html]
[www.nathkrupaindustries.com/images/portfolio/portfolio-big-6.jpg]
[www.nathkrupaindustries.com/images/portfolio/portfolio-big-7.jpg]
[www.nathkrupaindustries.com/portfolio-single3.html]
[www.nathkrupaindustries.com/images/portfolio/portfolio-big-8.jpg]
[www.nathkrupaindustries.com/portfolio-single4.html]
[www.nathkrupaindustries.com/images/portfolio/portfolio-big-9.jpg]
[www.nathkrupaindustries.com/css/other products.css]
[www.nathkrupaindustries.com/images/other products/Bucket elevator (Large).jpg]
[www.nathkrupaindustries.com/images/other products/screw conveyor (Large).jpg]
[www.nathkrupaindustries.com/images/other products/overhead conveyor (Large).jpg]
[www.nathkrupaindustries.com/images/other products/roller conveyor (Large).jpg]
[www.nathkrupaindustries.com/images/other products/belt conveyor (Large).jpg]
[www.nathkrupaindustries.com/images/other products/bale breaker (Large).jpg]
[www.nathkrupaindustries.com/images/other products/coal handling (Large).jpg]
[www.nathkrupaindustries.com/portfolio-single5.html]
[www.nathkrupaindustries.com/images/company/company-group-pic.jpg]
[www.nathkrupaindustries.com/service.html]
[www.nathkrupaindustries.com/css/gallery.css]
[www.nathkrupaindustries.com/gallery.html]
[www.nathkrupaindustries.com/images/company/about.jpg]
[www.nathkrupaindustries.com/about.html]
[www.nathkrupaindustries.com/faq.html]
[www.nathkrupaindustries.com/contact.html]
[www.nathkrupaindustries.com/plugins/jquery/jquery.min.js]
[www.nathkrupaindustries.com/popper.47.delayed]
[www.nathkrupaindustries.com/plugins/bootstrap/bootstrap.min.js]
[www.nathkrupaindustries.com/plugins/slick/slick.min.js]
[www.nathkrupaindustries.com/plugins/magnific-popup/jquery.magnific-popup.min.js]
[www.nathkrupaindustries.com/plugins/shuffle/shuffle.min.js]
[www.nathkrupaindustries.com/plugins/SyoTimer/jquery.syotimer.min.js]
[www.nathkrupaindustries.com/plugins/google-map/map.js]
[www.nathkrupaindustries.com/js/script.js]
[www.nathkrupaindustries.com/plugins/Ionicons/fonts/ionicons28b5.svg]
[www.nathkrupaindustries.com/img/featue-bg.html]
[www.nathkrupaindustries.com/images/backgrounds/coming-soon.html]
[www.nathkrupaindustries.com/css/other products.css]
[www.nathkrupaindustries.com/css/gallery.css]
[www.nathkrupaindustries.com/popper.html]
